// Jest Snapshot v1, https://goo.gl/fbAQLP

exports[`TableView with empty filters renders a TableView 1`] = `
<TableView
  classes={
    Object {
      "filterContainer": "TableView-filterContainer-3",
      "filterResetContainer": "TableView-filterResetContainer-4",
      "filterSetContainer": "TableView-filterSetContainer-2",
      "rootContainer": "TableView-rootContainer-1",
    }
  }
  columns={
    Array [
      Object {
        "dataKey": "name",
        "label": "Name",
      },
      Object {
        "dataKey": "age",
        "label": "Age",
      },
      Object {
        "dataKey": "gender",
        "label": "Gender",
      },
    ]
  }
  filters={
    Array [
      Object {
        "dataKey": "age",
        "label": "Age",
      },
      Object {
        "dataKey": "gender",
        "defaultValue": Array [],
        "label": "Gender",
      },
    ]
  }
  rows={
    Array [
      Object {
        "age": 25,
        "gender": "Male",
        "id": 1245,
        "name": "Mike",
      },
      Object {
        "age": 30,
        "gender": "Female",
        "id": 46874,
        "name": "Jennifer",
      },
      Object {
        "age": 25,
        "gender": "Other",
        "id": 46874,
        "name": "Stella",
      },
    ]
  }
/>
`;
